Device: cuda
Flows loaded: 7,948,748
Attack labels: ['DDoS attacks-LOIC-HTTP']
First attack flow: 2018-02-20 01:14:17
Train: 165,120 | Eval: 7,783,628
Graphs (built once): train=15, eval=706

===== SEED 0 =====
  loss=1.106e-05 | ranks=[18, 19, 20, 21, 22, 24, 25, 26, 27, 28]
  r@100=0.1/0.08 | hw P@100=0.01 P@500=0.54 | best-rank pct=0.000547

===== SEED 1 =====
  loss=1.714e-05 | ranks=[6, 7, 8, 9, 10, 12, 13, 14, 15, 16]
  r@100=0.1/0.1 | hw P@100=0.71 P@500=0.94 | best-rank pct=0.000182

===== SEED 2 =====
  loss=1.08e-05 | ranks=[6, 7, 8, 9, 10, 11, 12, 13, 14, 16]
  r@100=0.1/0.1 | hw P@100=0.4 P@500=0.858 | best-rank pct=0.000182

===== SEED 3 =====
  loss=1.965e-05 | ranks=[6, 7, 9, 10, 11, 12, 15, 16, 17, 18]
  r@100=0.1/0.1 | hw P@100=0.67 P@500=0.69 | best-rank pct=0.000182

=== SUMMARY (mean +/- std) ===
  best_rank_percentile: 0.0003 +/- 0.0002
  recall_at_100_meanagg: 0.1 +/- 0.0
  recall_at_100_maxagg: 0.095 +/- 0.01
  hw_p100: 0.4475 +/- 0.3225
  hw_p500: 0.757 +/- 0.1782

Saved: C:\Users\trex2\Potential-Gold\Zero-Day\experiments\external_ids2018_multiseed.json
